User Add: Sarah 1
User Add: Morgan 1
User Add: Ellie 1
User Add: Vicky 1
Change Pass: Sarah 0
Change Pass: Sarah 1
User Add: Casey 1
User Add: Vale 1
---------
Passwords
Morgan morganspass
Sarah Sarahsnewpass
Sarah Sarahspass
EMPTY EMPTY
EMPTY EMPTY
EMPTY EMPTY
EMPTY EMPTY
Casey caseysspassword
Vicky vickypass
EMPTY EMPTY
EMPTY EMPTY
EMPTY EMPTY
EMPTY EMPTY
EMPTY EMPTY
EMPTY EMPTY
Ellie elspassword
Vale valespass

User Add: Devon 1
---------
Passwords
Morgan morganspass
Sarah Sarahsnewpass
Sarah Sarahspass
EMPTY EMPTY
EMPTY EMPTY
EMPTY EMPTY
EMPTY EMPTY
Casey caseysspassword
Vicky vickypass
EMPTY EMPTY
EMPTY EMPTY
EMPTY EMPTY
EMPTY EMPTY
EMPTY EMPTY
Devon devonspass
Ellie elspassword
Vale valespass

Change Pass: Sarah 1
User Add: Chuck 1
User Add: Orion 1
Change Pass: Vale 1
Change Pass: Sarah 1
User Add: BigMike 1
User Add: Jeff 1
Change Pass: Vale 1
User Add: Lester 1
User Add: Beckman 1
User Add: Bryce 1
User Add: Emmet 1
User Add: Tang 1
User Add: Alex 1
Change Pass: Vale 1
User Add: AnnaWu 1
Change Pass: Tang 1
User Add: Roark 1
---------
Passwords
EMPTY EMPTY
EMPTY EMPTY
EMPTY EMPTY
EMPTY EMPTY
EMPTY EMPTY
EMPTY EMPTY
EMPTY EMPTY
EMPTY EMPTY
EMPTY EMPTY
EMPTY EMPTY
EMPTY EMPTY
EMPTY EMPTY
EMPTY EMPTY
EMPTY EMPTY
EMPTY EMPTY
EMPTY EMPTY
Chuck chuckspass
Ellie elspassword
Sarah Sarahsnewestpass
Sarah Sarahsnewerpass
Sarah Sarahsnewpass
Sarah Sarahspass
EMPTY EMPTY
EMPTY EMPTY
EMPTY EMPTY
EMPTY EMPTY
Casey caseysspassword
Bryce brycespassword
EMPTY EMPTY
EMPTY EMPTY
Emmet hothothothot
EMPTY EMPTY
BigMike mikesPassword
AnnaWu AnnaWusspassword
Devon devonspass
EMPTY EMPTY
EMPTY EMPTY
Roark Tedsspassword
EMPTY EMPTY
EMPTY EMPTY
EMPTY EMPTY
EMPTY EMPTY
EMPTY EMPTY
EMPTY EMPTY
Vicky vickypass
Orion orionspass
EMPTY EMPTY
EMPTY EMPTY
EMPTY EMPTY
EMPTY EMPTY
EMPTY EMPTY
EMPTY EMPTY
EMPTY EMPTY
EMPTY EMPTY
EMPTY EMPTY
EMPTY EMPTY
EMPTY EMPTY
Beckman Generalsspassword
EMPTY EMPTY
Morgan morganspass
EMPTY EMPTY
EMPTY EMPTY
EMPTY EMPTY
Jeff jeffsspassword
EMPTY EMPTY
EMPTY EMPTY
EMPTY EMPTY
EMPTY EMPTY
EMPTY EMPTY
EMPTY EMPTY
Lester Lestersspassword
EMPTY EMPTY
Alex alexsspassword
Vale valesnewestpass
Vale valesnewerpass
Vale valesnewpass
Vale valespass
Tang harryssnewpassword
Tang harrysspassword

