User Add: Sarah 1
User Add: Sarah 0
User Add: Sarah 0
---------
Passwords
Sarah pass123
EMPTY EMPTY
EMPTY EMPTY

User Add: Morgan 1
---------
Passwords
EMPTY EMPTY
EMPTY EMPTY
EMPTY EMPTY
Morgan morP4ssw0rd
EMPTY EMPTY
Sarah pass123
EMPTY EMPTY

User Add: BigMike 1
---------
Passwords
EMPTY EMPTY
EMPTY EMPTY
EMPTY EMPTY
Morgan morP4ssw0rd
EMPTY EMPTY
Sarah pass123
BigMike mikesPassword

User Add: Jeff 1
---------
Passwords
EMPTY EMPTY
Jeff jeffsspassword
EMPTY EMPTY
Morgan morP4ssw0rd
EMPTY EMPTY
Sarah pass123
BigMike mikesPassword

User Add: Lester 1
---------
Passwords
Morgan morP4ssw0rd
BigMike mikesPassword
Sarah pass123
EMPTY EMPTY
EMPTY EMPTY
Jeff jeffsspassword
EMPTY EMPTY
EMPTY EMPTY
EMPTY EMPTY
EMPTY EMPTY
EMPTY EMPTY
Lester Lestersspassword
EMPTY EMPTY
EMPTY EMPTY
EMPTY EMPTY
EMPTY EMPTY
EMPTY EMPTY

User Add: Sarah 1
User Add: Sarah 0
User Add: Morgan 1
User Add: Ellie 1
User Add: Vicky 1
---------
Passwords
Sarah Sarahspass
Vicky vickypass
EMPTY EMPTY
EMPTY EMPTY
EMPTY EMPTY
EMPTY EMPTY
Ellie elspassword
Morgan morganspass
EMPTY EMPTY
EMPTY EMPTY
EMPTY EMPTY

User Add: Casey 1
User Add: Casey 0
User Add: Vale 1
User Add: Devon 1
User Add: Chuck 1
User Add: Orion 1
User Add: Chuck 0
User Add: Chuck 0
User Add: Devon 0
---------
Passwords
EMPTY EMPTY
Vale valespass
Devon devonspass
EMPTY EMPTY
EMPTY EMPTY
EMPTY EMPTY
EMPTY EMPTY
EMPTY EMPTY
Ellie elspassword
EMPTY EMPTY
Chuck chuckspass
Vicky vickypass
Sarah Sarahspass
Orion orionspass
Morgan morganspass
EMPTY EMPTY
EMPTY EMPTY
EMPTY EMPTY
Casey caseysspassword
EMPTY EMPTY
EMPTY EMPTY
EMPTY EMPTY
EMPTY EMPTY

User Add: Sarah 1
User Add: Sarah 0
---------
Passwords
Sarah Sarahspass
EMPTY EMPTY
EMPTY EMPTY

