16
Vicky vickypass
Orion orionspass
EMPTY EMPTY
EMPTY EMPTY
EMPTY EMPTY
EMPTY EMPTY
EMPTY EMPTY
EMPTY EMPTY
EMPTY EMPTY
EMPTY EMPTY
Ellie elspassword
EMPTY EMPTY
EMPTY EMPTY
Chuck chuckspass
Sarah Sarahspass
EMPTY EMPTY
EMPTY EMPTY
EMPTY EMPTY
Casey caseysspassword
Bryce brycespass
Morgan morganspass
Alex alexspass
Vale valespass
Beckman generalspass
Tang tangspass
EMPTY EMPTY
EMPTY EMPTY
Devon devonspass
Emmett hothothothot
EMPTY EMPTY
Roark Tedspass
AnnaWu Annaspass
EMPTY EMPTY
EMPTY EMPTY
EMPTY EMPTY
EMPTY EMPTY
EMPTY EMPTY

